main.c:80:6:uart_printf	144	static
main.c:95:5:transmit_mode	24	static
main.c:114:5:receive_mode	24	static
main.c:142:10:merge_packet	48	static
main.c:180:10:packet_cut	24	static
main.c:194:10:packet_build	40	static
main.c:265:6:packet_process	48	static
main.c:454:6:timeout_check	24	static
main.c:484:5:main	120	static
main.c:582:6:SystemClock_Config	88	static
main.c:628:13:MX_ADC1_Init	24	static
main.c:670:13:MX_I2C1_Init	8	static
main.c:701:13:MX_SPI1_Init	8	static
main.c:736:13:MX_USART1_UART_Init	8	static
main.c:766:13:MX_GPIO_Init	40	static
main.c:804:6:ReceiveTaskInit	24	static
main.c:831:6:SensorTaskInit	32	static
main.c:918:6:HAL_TIM_PeriodElapsedCallback	16	static
main.c:933:6:Error_Handler	4	static
