main.c:96:6:uart_printf	144	static
main.c:110:6:RTC_SetAlarmIn	40	static
main.c:137:9:tx_mode_start	24	static
main.c:144:9:tx_mode_send	32	static
main.c:160:9:rx_mode_start	24	static
main.c:167:9:rx_mode_standby	24	static
main.c:193:9:packet_build	24	static
main.c:272:6:packet_process	40	static
main.c:452:6:interval_check	24	static
main.c:464:6:frame_timeout_check	24	static
main.c:480:6:get_data	16	static
main.c:542:5:main	112	static
main.c:772:6:SystemClock_Config	88	static
main.c:819:13:MX_ADC1_Init	24	static
main.c:864:13:MX_ADC2_Init	24	static
main.c:909:13:MX_I2C1_Init	8	static
main.c:943:13:MX_RTC_Init	16	static
main.c:1000:13:MX_SPI1_Init	8	static
main.c:1038:13:MX_USART1_UART_Init	8	static
main.c:1071:13:MX_GPIO_Init	40	static
main.c:1116:6:Error_Handler	4	static,ignoring_inline_asm
main.c:1127:6:HAL_RTC_AlarmAEventCallback	24	static
